============================= test session starts =============================
platform win32 -- Python 3.12.7, pytest-7.4.4, pluggy-1.0.0 -- C:\Users\b290\AppData\Local\anaconda3\python.exe
cachedir: .pytest_cache
rootdir: C:\Users\b290\Documents\privat\HPI Hack
configfile: pyproject.toml
plugins: anyio-4.2.0, timeout-2.4.0, typeguard-4.2.1
collecting ... collected 0 items / 5 errors

=================================== ERRORS ====================================
_________________ ERROR collecting tests/test_apf_lateral.py __________________
ImportError while importing test module 'C:\Users\b290\Documents\privat\HPI Hack\tests\test_apf_lateral.py'.
Hint: make sure your test modules/packages have valid Python names.
Traceback:
..\..\..\AppData\Local\anaconda3\Lib\importlib\__init__.py:90: in import_module
    return _bootstrap._gcd_import(name[level:], package, level)
tests\test_apf_lateral.py:8: in <module>
    from agri_nav.dto.perception import DangerClass
E   ModuleNotFoundError: No module named 'agri_nav'
_______________ ERROR collecting tests/test_apf_longitudinal.py _______________
ImportError while importing test module 'C:\Users\b290\Documents\privat\HPI Hack\tests\test_apf_longitudinal.py'.
Hint: make sure your test modules/packages have valid Python names.
Traceback:
..\..\..\AppData\Local\anaconda3\Lib\importlib\__init__.py:90: in import_module
    return _bootstrap._gcd_import(name[level:], package, level)
tests\test_apf_longitudinal.py:7: in <module>
    from agri_nav.logic.apf_longitudinal import (
E   ModuleNotFoundError: No module named 'agri_nav'
_________________ ERROR collecting tests/test_integration.py __________________
ImportError while importing test module 'C:\Users\b290\Documents\privat\HPI Hack\tests\test_integration.py'.
Hint: make sure your test modules/packages have valid Python names.
Traceback:
..\..\..\AppData\Local\anaconda3\Lib\importlib\__init__.py:90: in import_module
    return _bootstrap._gcd_import(name[level:], package, level)
tests\test_integration.py:6: in <module>
    from agri_nav.dto.config import APFConfig, SGGConfig
E   ModuleNotFoundError: No module named 'agri_nav'
________________ ERROR collecting tests/test_sgg_inference.py _________________
ImportError while importing test module 'C:\Users\b290\Documents\privat\HPI Hack\tests\test_sgg_inference.py'.
Hint: make sure your test modules/packages have valid Python names.
Traceback:
..\..\..\AppData\Local\anaconda3\Lib\importlib\__init__.py:90: in import_module
    return _bootstrap._gcd_import(name[level:], package, level)
tests\test_sgg_inference.py:7: in <module>
    from agri_nav.dto.perception import KinematicsEntity
E   ModuleNotFoundError: No module named 'agri_nav'
________________ ERROR collecting tests/test_sgg_processor.py _________________
ImportError while importing test module 'C:\Users\b290\Documents\privat\HPI Hack\tests\test_sgg_processor.py'.
Hint: make sure your test modules/packages have valid Python names.
Traceback:
..\..\..\AppData\Local\anaconda3\Lib\importlib\__init__.py:90: in import_module
    return _bootstrap._gcd_import(name[level:], package, level)
tests\test_sgg_processor.py:5: in <module>
    from agri_nav.dto.config import SGGConfig
E   ModuleNotFoundError: No module named 'agri_nav'
=========================== short test summary info ===========================
ERROR tests/test_apf_lateral.py
ERROR tests/test_apf_longitudinal.py
ERROR tests/test_integration.py
ERROR tests/test_sgg_inference.py
ERROR tests/test_sgg_processor.py
!!!!!!!!!!!!!!!!!!! Interrupted: 5 errors during collection !!!!!!!!!!!!!!!!!!!
============================== 5 errors in 0.22s ==============================
